---
source: langs/mantra-lang-tracing/src/collect/rust/tests.rs
info: "\n        #[req_link(\"ID1\")]\n        fn foo() {}\n        "
---
Annotations(
  traces: [
    Trace(
      ids: [
        RequirementPk(
          id: "ID1",
          product_id: None,
        ),
      ],
      line: 2,
      related_code: Some(3),
      kind: links,
      properties: None,
    ),
  ],
  elements: [
    Element(
      ident: None,
      name: "foo",
      definition_line: 3,
      span: LineSpan(
        start: 2,
        end: 3,
      ),
      kind: function,
      content_hash: Some("9fd61fb157a69f94e98bfb59572988db74bd4667f099305bf8287949dfafcaa9"),
    ),
  ],
  coverage_excludes: [],
)
