---
source: langs/mantra-lang-tracing/src/collect/rust/tests.rs
info: "\n        #[req({ id: \"ID1\",})]\n        fn foo() {}\n        "
---
Annotations(
  traces: [
    Trace(
      ids: [
        RequirementPk(
          id: "ID1",
          product_id: None,
        ),
      ],
      line: 2,
      related_code: Some(3),
      kind: satisfies,
      properties: None,
    ),
  ],
  elements: [
    Element(
      ident: None,
      name: "foo",
      definition_line: 3,
      span: LineSpan(
        start: 2,
        end: 3,
      ),
      kind: function,
      content_hash: Some("6b1f0654e68edefb11f874d1fec72c3bd749dcf6298ee7da64447f2d0598db21"),
    ),
  ],
  coverage_excludes: [],
)
