---
source: langs/mantra-lang-tracing/src/collect/rust/tests.rs
info: "\n        #[req(\"ID1\")]\n        fn foo() {}\n        "
---
Annotations(
  traces: [
    Trace(
      ids: [
        RequirementPk(
          id: "ID1",
          product_id: None,
        ),
      ],
      line: 2,
      related_code: Some(3),
      kind: satisfies,
      properties: None,
    ),
  ],
  elements: [
    Element(
      ident: None,
      name: "foo",
      definition_line: 3,
      span: LineSpan(
        start: 2,
        end: 3,
      ),
      kind: function,
      content_hash: Some("b33377b04618353a14851ba64c624f7b2f27f3e6aa87af48d987b382d9e5dcd9"),
    ),
  ],
  coverage_excludes: [],
)
