---
source: langs/mantra-lang-tracing/src/collect/rust/tests.rs
info: "\n        #[cfg_attr(feature = \"some-feature\", derive(Copy), req(\"ID2\"), req_link(\"ID1\"))]\n        fn foo() {}\n        "
---
Annotations(
  traces: [
    Trace(
      ids: [
        "ID2",
      ],
      line: 2,
      related_code: Some(3),
      kind: satisfies,
      properties: Some({
        "cfg_attr": [
          "feature=\"some-feature\"",
        ],
      }),
    ),
    Trace(
      ids: [
        "ID1",
      ],
      line: 2,
      related_code: Some(3),
      kind: links,
      properties: Some({
        "cfg_attr": [
          "feature=\"some-feature\"",
        ],
      }),
    ),
  ],
  elements: [
    Element(
      ident: None,
      name: "foo",
      definition_line: 3,
      span: LineSpan(
        start: 2,
        end: 3,
      ),
      kind: function,
      content_hash: Some("14f480507a7c8fc2ae493ad297be4ec17a477ade92ea2ef688cfcf5cb7545f7b"),
    ),
  ],
  coverage_excludes: [],
)
