---
source: langs/mantra-lang-tracing/src/collect/rust/tests.rs
info: "\n        #[req_test(\"ID1\")]\n        fn foo() {}\n        "
---
Annotations(
  traces: [
    Trace(
      ids: [
        RequirementPk(
          id: "ID1",
          product_id: None,
        ),
      ],
      line: 2,
      related_code: Some(3),
      kind: verifies,
      properties: None,
    ),
  ],
  elements: [
    Element(
      ident: None,
      name: "foo",
      definition_line: 3,
      span: LineSpan(
        start: 2,
        end: 3,
      ),
      kind: function,
      content_hash: Some("74ee95bde1f2c7927807100bcc43822f4883e89b60a27579a7e8451ebe17309f"),
    ),
  ],
  coverage_excludes: [],
)
