---
source: langs/mantra-lang-tracing/src/collect/rust/tests.rs
info: "\n        #[req_test(\"ID1\")]\n        fn foo() {}\n        "
---
Annotations(
  traces: [
    Trace(
      ids: [
        "ID1",
      ],
      line: 2,
      related_code: Some(3),
      kind: verifies,
      properties: None,
    ),
  ],
  elements: [
    Element(
      ident: None,
      name: "foo",
      definition_line: 3,
      span: LineSpan(
        start: 2,
        end: 3,
      ),
      kind: function,
      content_hash: Some("842eb890dee787f3e0afd3b26838c4c43345d791f26d8e401480d5c371778cb0"),
    ),
  ],
  coverage_excludes: [],
)
