---
source: langs/mantra-lang-tracing/src/collect/rust/tests.rs
info: "\n        #[req({ id: \"ID1\", product_id: \"product-id\"})]\n        fn foo() {}\n        "
---
Annotations(
  traces: [
    Trace(
      ids: [
        RequirementPk(
          id: "ID1",
          product_id: Some("product-id"),
        ),
      ],
      line: 2,
      related_code: Some(3),
      kind: satisfies,
      properties: None,
    ),
  ],
  elements: [
    Element(
      ident: None,
      name: "foo",
      definition_line: 3,
      span: LineSpan(
        start: 2,
        end: 3,
      ),
      kind: function,
      content_hash: Some("e2ba2322b0a6c043806215a29e5261a579d4ad2482d7538b3df4136ce831be0b"),
    ),
  ],
  coverage_excludes: [],
)
