---
source: langs/mantra-lang-tracing/src/collect/rust/tests.rs
info: "\n        #[req({ id: \"ID1\", product_id: \"product-id\"}, \"ID2\")]\n        fn foo() {}\n        "
---
Annotations(
  traces: [
    Trace(
      ids: [
        RequirementPk(
          id: "ID1",
          product_id: Some("product-id"),
        ),
        RequirementPk(
          id: "ID2",
          product_id: None,
        ),
      ],
      line: 2,
      related_code: Some(3),
      kind: satisfies,
      properties: None,
    ),
  ],
  elements: [
    Element(
      ident: None,
      name: "foo",
      definition_line: 3,
      span: LineSpan(
        start: 2,
        end: 3,
      ),
      kind: function,
      content_hash: Some("89eb1326ff577c183091ca3e5eb5de0da086066eba5d3499e13fbd6d7d9ddeb2"),
    ),
  ],
  coverage_excludes: [],
)
