---
source: langs/mantra-lang-tracing/src/collect/rust/tests.rs
info: "\n        #[req({ id: \"ID1\", product_id: \"product-id\",})]\n        fn foo() {}\n        "
---
Annotations(
  traces: [
    Trace(
      ids: [
        RequirementPk(
          id: "ID1",
          product_id: Some("product-id"),
        ),
      ],
      line: 2,
      related_code: Some(3),
      kind: satisfies,
      properties: None,
    ),
  ],
  elements: [
    Element(
      ident: None,
      name: "foo",
      definition_line: 3,
      span: LineSpan(
        start: 2,
        end: 3,
      ),
      kind: function,
      content_hash: Some("a745d9b21410480dec7c14b367be0ca9640a4f485178fada0f35ca991ba53103"),
    ),
  ],
  coverage_excludes: [],
)
